Copyright 1986-2022 Xilinx, Inc. All Rights Reserved.
--------------------------------------------------------------------------------------
| Tool Version : Vivado v.2022.2 (lin64) Build 3671981 Fri Oct 14 04:59:54 MDT 2022
| Date         : Thu Jan 12 16:32:49 2023
| Host         : yarra running 64-bit CentOS Linux release 7.9.2009 (Core)
| Command      : report_clock_interaction -file reports/culsans.clock_interaction.rpt
| Design       : culsans_xilinx
| Device       : 7k325t-ffg900
| Speed File   : -2  PRODUCTION 1.12 2017-02-17
--------------------------------------------------------------------------------------

Clock Interaction Report

Clock Interaction Table
-----------------------

                                                                                                                                                                                                                                                                                                                      WNS                            TNS Failing  TNS Total    WNS Path         Clock-Pair           Inter-Clock                  
From Clock                                                                                                                                                 To Clock                                                                                                                                                   Clock Edges  WNS(ns)  TNS(ns)    Endpoints    Endpoints  Requirement(ns)  Classification       Constraints                  
---------------------------------------------------------------------------------------------------------------------------------------------------------  ---------------------------------------------------------------------------------------------------------------------------------------------------------  -----------  -------  -------  -----------  -----------  ---------------  -------------------  ---------------------------  
clk_div2_bufg_in                                                                                                                                           clk_div2_bufg_in                                                                                                                                           rise - rise     1.79     0.00            0           12             2.50  Clean                Timed                        
clk_out1_xlnx_clk_gen                                                                                                                                      clk_out1_xlnx_clk_gen                                                                                                                                      rise - rise     3.31     0.00            0       220513            20.00  Clean                Partial False Path           
clk_out1_xlnx_clk_gen                                                                                                                                      clk_out2_xlnx_clk_gen                                                                                                                                                                               0           41                   Ignored              Asynchronous Groups          
clk_out1_xlnx_clk_gen                                                                                                                                      clk_pll_i                                                                                                                                                  rise - rise    19.49     0.00            0          322            20.00  No Common Clock      Partial False Path (unsafe)  
clk_out1_xlnx_clk_gen                                                                                                                                      eth_rxck                                                                                                                                                                                            0          157                   Ignored              Asynchronous Groups          
clk_out1_xlnx_clk_gen                                                                                                                                      tck                                                                                                                                                        rise - rise    19.44     0.00            0           36            20.00  Ignored              Max Delay Datapath Only      
clk_out2_xlnx_clk_gen                                                                                                                                      clk_out1_xlnx_clk_gen                                                                                                                                                                               0           37                   Ignored              Asynchronous Groups          
clk_out2_xlnx_clk_gen                                                                                                                                      clk_out2_xlnx_clk_gen                                                                                                                                      fall - rise     1.50     0.00            0          427             4.00  Clean                Timed                        
clk_out2_xlnx_clk_gen                                                                                                                                      clk_out3_xlnx_clk_gen                                                                                                                                                                               0            2                   Ignored              Asynchronous Groups          
clk_out2_xlnx_clk_gen                                                                                                                                      eth_rxck                                                                                                                                                                                            0            1                   Ignored              Asynchronous Groups          
clk_pll_i                                                                                                                                                  clk_out1_xlnx_clk_gen                                                                                                                                      rise - rise     4.49     0.00            0          969             5.00  Ignored              Max Delay Datapath Only      
clk_pll_i                                                                                                                                                  clk_pll_i                                                                                                                                                  rise - rise     0.84     0.00            0        29100             5.00  Clean                Partial False Path           
clk_pll_i                                                                                                                                                  mmcm_ps_clk_bufg_in                                                                                                                                        rise - rise     3.74     0.00            0            1             5.00  Clean                Timed                        
clk_pll_i                                                                                                                                                  sys_clk_p                                                                                                                                                                                           0            1                   Ignored              False Path                   
clk_pll_i                                                                                                                                                  u_memc_ui_top_axi/mem_intfc0/ddr_phy_top0/u_ddr_mc_phy_wrapper/u_ddr_mc_phy/ddr_phy_4lanes_0.u_ddr_phy_4lanes/ddr_byte_lane_A.ddr_byte_lane_A/iserdes_clk  rise - fall     5.34     0.00            0            8             6.80  Clean                Timed                        
clk_pll_i                                                                                                                                                  u_memc_ui_top_axi/mem_intfc0/ddr_phy_top0/u_ddr_mc_phy_wrapper/u_ddr_mc_phy/ddr_phy_4lanes_0.u_ddr_phy_4lanes/ddr_byte_lane_B.ddr_byte_lane_B/iserdes_clk  rise - fall     5.33     0.00            0            8             6.80  Clean                Timed                        
clk_pll_i                                                                                                                                                  u_memc_ui_top_axi/mem_intfc0/ddr_phy_top0/u_ddr_mc_phy_wrapper/u_ddr_mc_phy/ddr_phy_4lanes_0.u_ddr_phy_4lanes/ddr_byte_lane_C.ddr_byte_lane_C/iserdes_clk  rise - fall     5.32     0.00            0            8             6.80  Clean                Timed                        
clk_pll_i                                                                                                                                                  u_memc_ui_top_axi/mem_intfc0/ddr_phy_top0/u_ddr_mc_phy_wrapper/u_ddr_mc_phy/ddr_phy_4lanes_0.u_ddr_phy_4lanes/ddr_byte_lane_D.ddr_byte_lane_D/iserdes_clk  rise - fall     5.32     0.00            0            8             6.80  Clean                Timed                        
clk_ref_mmcm_400                                                                                                                                           clk_ref_mmcm_400                                                                                                                                           rise - rise     1.79     0.00            0           14             2.50  Clean                Timed                        
eth_rxck                                                                                                                                                   clk_out1_xlnx_clk_gen                                                                                                                                                                               0           69                   Ignored              Asynchronous Groups          
eth_rxck                                                                                                                                                   clk_out2_xlnx_clk_gen                                                                                                                                                                               0            1                   Ignored              Asynchronous Groups          
eth_rxck                                                                                                                                                   eth_rxck                                                                                                                                                   rise - rise     5.52     0.00            0          612             8.00  Clean                Timed                        
iserdes_clkdiv                                                                                                                                             iserdes_clkdiv                                                                                                                                             rise - rise     0.98     0.00            0           33             2.50  Clean                Timed                        
iserdes_clkdiv_1                                                                                                                                           iserdes_clkdiv_1                                                                                                                                           rise - rise     1.00     0.00            0           33             2.50  Clean                Timed                        
iserdes_clkdiv_2                                                                                                                                           iserdes_clkdiv_2                                                                                                                                           rise - rise     1.00     0.00            0           33             2.50  Clean                Timed                        
iserdes_clkdiv_3                                                                                                                                           iserdes_clkdiv_3                                                                                                                                           rise - rise     0.99     0.00            0           33             2.50  Clean                Timed                        
mem_refclk                                                                                                                                                 clk_pll_i                                                                                                                                                                                           0            4                   Ignored              False Path                   
mem_refclk                                                                                                                                                 mem_refclk                                                                                                                                                 rise - rise     0.22     0.00            0            2             1.25  Clean                Timed                        
mmcm_ps_clk_bufg_in                                                                                                                                        clk_pll_i                                                                                                                                                  rise - rise     3.72     0.00            0            5             5.00  Clean                Timed                        
mmcm_ps_clk_bufg_in                                                                                                                                        mmcm_ps_clk_bufg_in                                                                                                                                        rise - fall     3.53     0.00            0           16             5.00  Clean                Timed                        
oserdes_clk                                                                                                                                                oserdes_clk                                                                                                                                                fall - fall     0.22     0.00            0            4             1.25  Clean                Timed                        
oserdes_clk                                                                                                                                                oserdes_clkdiv                                                                                                                                             rise - rise     0.51     0.00            0           15             1.25  Clean                Timed                        
oserdes_clk_1                                                                                                                                              oserdes_clk_1                                                                                                                                              fall - fall     0.20     0.00            0            4             1.25  Clean                Timed                        
oserdes_clk_1                                                                                                                                              oserdes_clkdiv_1                                                                                                                                           rise - rise     0.51     0.00            0           15             1.25  Clean                Timed                        
oserdes_clk_2                                                                                                                                              oserdes_clk_2                                                                                                                                              fall - fall     0.21     0.00            0            4             1.25  Clean                Timed                        
oserdes_clk_2                                                                                                                                              oserdes_clkdiv_2                                                                                                                                           rise - rise     0.51     0.00            0           15             1.25  Clean                Timed                        
oserdes_clk_3                                                                                                                                              oserdes_clk_3                                                                                                                                              fall - fall     0.22     0.00            0            4             1.25  Clean                Timed                        
oserdes_clk_3                                                                                                                                              oserdes_clkdiv_3                                                                                                                                           rise - rise     0.51     0.00            0           15             1.25  Clean                Timed                        
oserdes_clk_4                                                                                                                                              oserdes_clkdiv_4                                                                                                                                           rise - rise     0.51     0.00            0            3             1.25  Clean                Timed                        
oserdes_clk_5                                                                                                                                              oserdes_clkdiv_5                                                                                                                                           rise - rise     0.51     0.00            0            4             1.25  Clean                Timed                        
oserdes_clk_6                                                                                                                                              oserdes_clkdiv_6                                                                                                                                           rise - rise     0.51     0.00            0           11             1.25  Clean                Timed                        
oserdes_clk_7                                                                                                                                              oserdes_clkdiv_7                                                                                                                                           rise - rise     0.51     0.00            0           10             1.25  Clean                Timed                        
oserdes_clkdiv                                                                                                                                             oserdes_clkdiv                                                                                                                                             rise - rise     1.55     0.00            0           36             2.50  Clean                Timed                        
oserdes_clkdiv_1                                                                                                                                           oserdes_clkdiv_1                                                                                                                                           rise - rise     1.53     0.00            0           36             2.50  Clean                Timed                        
oserdes_clkdiv_2                                                                                                                                           oserdes_clkdiv_2                                                                                                                                           rise - rise     1.54     0.00            0           36             2.50  Clean                Timed                        
oserdes_clkdiv_3                                                                                                                                           oserdes_clkdiv_3                                                                                                                                           rise - rise     1.55     0.00            0           36             2.50  Clean                Timed                        
oserdes_clkdiv_4                                                                                                                                           oserdes_clkdiv_4                                                                                                                                           rise - rise     4.05     0.00            0            8             5.00  Clean                Timed                        
oserdes_clkdiv_5                                                                                                                                           oserdes_clkdiv_5                                                                                                                                           rise - rise     4.03     0.00            0           12             5.00  Clean                Timed                        
oserdes_clkdiv_6                                                                                                                                           oserdes_clkdiv_6                                                                                                                                           rise - rise     4.04     0.00            0           40             5.00  Clean                Timed                        
oserdes_clkdiv_7                                                                                                                                           oserdes_clkdiv_7                                                                                                                                           rise - rise     4.05     0.00            0           36             5.00  Clean                Timed                        
sync_pulse                                                                                                                                                 mem_refclk                                                                                                                                                 rise - rise     0.29     0.00            0            2             0.70  Clean                Timed                        
sys_clk_p                                                                                                                                                  clk_pll_i                                                                                                                                                  rise - rise    19.51     0.00            0           12            20.00  Clean                Timed                        
sys_clk_p                                                                                                                                                  sys_clk_p                                                                                                                                                  rise - rise     3.19     0.00            0          126             5.00  Clean                Timed                        
tck                                                                                                                                                        clk_out1_xlnx_clk_gen                                                                                                                                      rise - rise    16.40     0.00            0           43            20.00  No Common Clock      Timed (unsafe)               
tck                                                                                                                                                        tck                                                                                                                                                        fall - rise     7.13     0.00            0          453            20.00  Clean                Timed                        


